// Jest Snapshot v1, https://goo.gl/fbAQLP

exports[`Snapshot test looks the same as the snapshot 1`] = `
<div
  className="form-container1"
>
  <button
    className="p-2 btn"
    type="button"
  >
    <svg
      aria-hidden="true"
      className="svg-inline--fa fa-arrow-left text-white point"
      data-icon="arrow-left"
      data-prefix="fas"
      focusable="false"
      onClick={[Function]}
      role="img"
      style={Object {}}
      viewBox="0 0 448 512"
      xmlns="http://www.w3.org/2000/svg"
    >
      <path
        d="M447.1 256C447.1 273.7 433.7 288 416 288H109.3l105.4 105.4c12.5 12.5 12.5 32.75 0 45.25C208.4 444.9 200.2 448 192 448s-16.38-3.125-22.62-9.375l-160-160c-12.5-12.5-12.5-32.75 0-45.25l160-160c12.5-12.5 32.75-12.5 45.25 0s12.5 32.75 0 45.25L109.3 224H416C433.7 224 447.1 238.3 447.1 256z"
        fill="currentColor"
        style={Object {}}
      />
    </svg>
  </button>
  <div
    className="fullScreen"
  >
    <button
      className="p-2 vis btn"
      type="button"
    >
      <svg
        aria-hidden="true"
        className="svg-inline--fa fa-bars text-white"
        data-icon="bars"
        data-prefix="fas"
        focusable="false"
        onClick={[Function]}
        role="img"
        style={Object {}}
        viewBox="0 0 448 512"
        xmlns="http://www.w3.org/2000/svg"
      >
        <path
          d="M0 96C0 78.33 14.33 64 32 64H416C433.7 64 448 78.33 448 96C448 113.7 433.7 128 416 128H32C14.33 128 0 113.7 0 96zM0 256C0 238.3 14.33 224 32 224H416C433.7 224 448 238.3 448 256C448 273.7 433.7 288 416 288H32C14.33 288 0 273.7 0 256zM416 448H32C14.33 448 0 433.7 0 416C0 398.3 14.33 384 32 384H416C433.7 384 448 398.3 448 416C448 433.7 433.7 448 416 448z"
          fill="currentColor"
          style={Object {}}
        />
      </svg>
    </button>
    <div
      className="txtWrapper"
    >
      <form
        className="mx-auto row row-cols-2 mt-3 d-flex justify-content-center align-items-center"
        onSubmit={[Function]}
      >
        <div>
          <label
            className="form-label"
            htmlFor="FormCheckIn"
          >
            Check In
          </label>
          <input
            className="{touched.check_in && errors.check_in ? 'error' : null} form-radius form-control"
            id="FormCheckIn"
            name="check_in"
            onBlur={[Function]}
            onChange={[Function]}
            type="date"
            value=""
          />
        </div>
        <div>
          <label
            className="form-label"
            htmlFor="FormCheckIn"
          >
            Check Out
          </label>
          <input
            className="{touched.check_out && errors.check_out ? 'error' : null} form-radius form-control"
            id="FormCheckIn"
            name="check_out"
            onBlur={[Function]}
            onChange={[Function]}
            type="date"
            value=""
          />
        </div>
        <div>
          <label
            className="form-label"
            htmlFor="formBasicCity"
          >
            Room
          </label>
          <select
            aria-label="Select Room Field"
            className="form-select"
            id="formBasicCity"
            name="room_id"
            onBlur={[Function]}
            onChange={[Function]}
            value=""
          >
            <option>
              Select Room
            </option>
          </select>
        </div>
        <button
          className="upperCase resBtn btn btn-primary"
          disabled={false}
          type="submit"
        >
          Reserve
        </button>
      </form>
    </div>
  </div>
</div>
`;
